// Jest Snapshot v1, https://goo.gl/fbAQLP

exports[`TabItem component test component should renders correctly 1`] = `
<a
  className="movie-nav__link"
  href="#"
  onClick={[Function]}
>
  test
</a>
`;
