// Jest Snapshot v1, https://goo.gl/fbAQLP

exports[`MoviePlayer component test component should renders correctly 1`] = `
<video
  height="175"
  loop={true}
  muted="off"
  poster="bg-the-grand-budapest-hotel-poster.jpg"
  preload="none"
  width="280"
>
  <source
    src="https://download.blender.org/durian/trailer/sintel_trailer-480p.mp4"
    type="video/mp4"
  />
</video>
`;
